  utils.cpp
C:\Program Files\Microsoft Visual Studio\18\Community\VC\Tools\MSVC\14.50.35717\include\xutility(4924,18): warning C4244: '=': 'const wchar_t' - 'char' dönüşümü; veri kaybı olabilir
  ('kdmapper-master/kdmapper/utils.cpp' kaynak dosyası derleniyor)
      C:\Program Files\Microsoft Visual Studio\18\Community\VC\Tools\MSVC\14.50.35717\include\xutility(4924,18):
      şablon örneği oluşturma bağlamı (önce en eski olan)
          C:\Users\MONSTER\Desktop\cs2 project\kdmapper-master\kdmapper\utils.cpp(23,41):
          derlenen şablon işlevi 'std::basic_string<char,std::char_traits<char>,std::allocator<char>>::basic_string<std::_String_const_iterator<std::_String_val<std::_Simple_types<_Elem>>>,0>(_Iter,_Iter,const _Alloc &)' örneği oluşturma başvurusuna bakın
          with
          [
              _Elem=wchar_t,
              _Iter=std::_String_const_iterator<std::_String_val<std::_Simple_types<wchar_t>>>,
              _Alloc=std::allocator<char>
          ]
              C:\Users\MONSTER\Desktop\cs2 project\kdmapper-master\kdmapper\utils.cpp(23,29):
              'kdmUtils::ReadFileToMemory' içinde ilk 'std::basic_string<char,std::char_traits<char>,std::allocator<char>>::basic_string' başvurusuna bakın
          C:\Program Files\Microsoft Visual Studio\18\Community\VC\Tools\MSVC\14.50.35717\include\xstring(862,17):
          derlenen şablon işlevi 'void std::basic_string<char,std::char_traits<char>,std::allocator<char>>::_Construct_from_iter<const wchar_t*,const wchar_t*,_Size_type>(_Iter,const _Sent,_Size)' örneği oluşturma başvurusuna bakın
          with
          [
              _Size_type=unsigned __int64,
              _Iter=const wchar_t *,
              _Sent=const wchar_t *,
              _Size=unsigned __int64
          ]
          C:\Program Files\Microsoft Visual Studio\18\Community\VC\Tools\MSVC\14.50.35717\include\xstring(1018,18):
          derlenen şablon işlevi '_OutIt *std::_Copy_n_unchecked4<const wchar_t*,_Size,char*>(_InIt,_SizeTy,_OutIt)' örneği oluşturma başvurusuna bakın
          with
          [
              _OutIt=char *,
              _Size=unsigned __int64,
              _InIt=const wchar_t *,
              _SizeTy=unsigned __int64
          ]
  
     C:\Users\MONSTER\Desktop\cs2 project\x64\Release\ploxiedcs2.lib kitaplığı ve C:\Users\MONSTER\Desktop\cs2 project\x64\Release\ploxiedcs2.exp nesnesi oluşturuluyor
  Kod üretiliyor
  0 of 5638 functions ( 0.0%) were compiled, the rest were copied from previous compilation.
    0 functions were new in current compilation
    0 functions had inline decision re-evaluated but remain unchanged
  Kodun üretilmesi tamamlandı
  lem1337.vcxproj -> C:\Users\MONSTER\Desktop\cs2 project\x64\Release\ploxiedcs2.exe
  'pwsh.exe' is not recognized as an internal or external command,
  operable program or batch file.
